PAIRMAPS: 9
0 CC
3 CH
4 CO
3 HC
1 HH
5 HO
4 OC
5 OH
2 OO

TRIPMAPS: 27
0 CCCCCC
1 CCCHCH
2 CCCOCO
1 CHCCCH
1 CHCHCC
3 CHCHHH
4 CHCOHO
3 CHHHCH
4 CHHOCO
2 COCCCO
4 COCHHO
2 COCOCC
5 COCOOO
4 COHOCH
5 COOOCO
3 HHCHCH
6 HHHHHH
7 HHHOHO
4 HOCHCO
4 HOCOCH
7 HOHHHO
7 HOHOHH
8 HOHOOO
8 HOOOHO
5 OOCOCO
8 OOHOHO
9 OOOOOO

QUADMAPS: 81
0 CCCCCCCCCCCC
1 CCCCCHCCCHCH
2 CCCCCOCCCOCO
1 CCCHCCCHCCCH
3 CCCHCHCHCHHH
4 CCCHCOCHCOHO
2 CCCOCCCOCCCO
4 CCCOCHCOCHHO
5 CCCOCOCOCOOO
1 CHCCCCCHCHCC
3 CHCCCHCHHHCH
4 CHCCCOCHHOCO
3 CHCHCCHHCHCH
1 CHCHCHCCCCCC
6 CHCHCHHHHHHH
7 CHCHCOHHHOHO
3 CHCHHHCCCHCH
4 CHCHHOCCCOCO
4 CHCOCCHOCHCO
7 CHCOCHHOHHHO
8 CHCOCOHOHOOO
3 CHHHCHCHCCCH
6 CHHHHHCHCHHH
7 CHHHHOCHCOHO
4 CHHOCHCOCCCO
7 CHHOHHCOCHHO
8 CHHOHOCOCOOO
2 COCCCCCOCOCC
4 COCCCHCOHOCH
5 COCCCOCOOOCO
4 COCHCCHOCOCH
7 COCHCHHOHOHH
8 COCHCOHOOOHO
5 COCOCCOOCOCO
8 COCOCHOOHOHO
2 COCOCOCCCCCC
9 COCOCOOOOOOO
4 COCOHOCCCHCH
5 COCOOOCCCOCO
4 COHOCOCHCCCH
7 COHOHOCHCHHH
8 COHOOOCHCOHO
5 COOOCOCOCCCO
8 COOOHOCOCHHO
9 COOOOOCOCOOO
3 HHCHCHCHCHCC
6 HHCHHHCHHHCH
7 HHCHHOCHHOCO
6 HHHHCHHHCHCH
10 HHHHHHHHHHHH
11 HHHHHOHHHOHO
7 HHHOCHHOCHCO
11 HHHOHHHOHHHO
12 HHHOHOHOHOOO
4 HOCHCHCOCOCC
7 HOCHHHCOHOCH
8 HOCHHOCOOOCO
4 HOCOCOCHCHCC
7 HOCOHOCHHHCH
8 HOCOOOCHHOCO
7 HOHHCHHOCOCH
11 HOHHHHHOHOHH
12 HOHHHOHOOOHO
8 HOHOCHOOCOCO
7 HOHOCOHHCHCH
12 HOHOHHOOHOHO
11 HOHOHOHHHHHH
13 HOHOHOOOOOOO
12 HOHOOOHHHOHO
8 HOOOCOHOCHCO
12 HOOOHOHOHHHO
13 HOOOOOHOHOOO
5 OOCOCOCOCOCC
8 OOCOHOCOHOCH
9 OOCOOOCOOOCO
8 OOHOCOHOCOCH
12 OOHOHOHOHOHH
13 OOHOOOHOOOHO
9 OOOOCOOOCOCO
13 OOOOHOOOHOHO
14 OOOOOOOOOOOO
