PAIRMAPS: 16
0 CC
4 CH
6 CN
5 CO
4 HC
1 HH
8 HN
7 HO
6 NC
8 NH
3 NN
9 NO
5 OC
7 OH
9 ON
2 OO

TRIPMAPS: 64
0 CCCCCC
1 CCCHCH
3 CCCNCN
2 CCCOCO
1 CHCCCH
1 CHCHCC
4 CHCHHH
6 CHCNHN
5 CHCOHO
4 CHHHCH
6 CHHNCN
5 CHHOCO
3 CNCCCN
6 CNCHHN
3 CNCNCC
9 CNCNNN
8 CNCOON
6 CNHNCH
9 CNNNCN
8 CNONCO
2 COCCCO
5 COCHHO
8 COCNON
2 COCOCC
7 COCOOO
5 COHOCH
8 COONCN
7 COOOCO
4 HHCHCH
10 HHHHHH
12 HHHNHN
11 HHHOHO
6 HNCHCN
6 HNCNCH
12 HNHHHN
12 HNHNHH
15 HNHNNN
14 HNHOON
15 HNNNHN
14 HNONHO
5 HOCHCO
5 HOCOCH
11 HOHHHO
14 HOHNON
11 HOHOHH
13 HOHOOO
14 HOONHN
13 HOOOHO
9 NNCNCN
15 NNHNHN
19 NNNNNN
18 NNONON
8 ONCNCO
8 ONCOCN
14 ONHNHO
14 ONHOHN
18 ONNNON
18 ONONNN
17 ONONOO
17 ONOOON
7 OOCOCO
13 OOHOHO
17 OOONON
16 OOOOOO

QUADMAPS: 256
0 CCCCCCCCCCCC
1 CCCCCHCCCHCH
3 CCCCCNCCCNCN
2 CCCCCOCCCOCO
1 CCCHCCCHCCCH
4 CCCHCHCHCHHH
6 CCCHCNCHCNHN
5 CCCHCOCHCOHO
3 CCCNCCCNCCCN
6 CCCNCHCNCHHN
9 CCCNCNCNCNNN
8 CCCNCOCNCOON
2 CCCOCCCOCCCO
5 CCCOCHCOCHHO
8 CCCOCNCOCNON
7 CCCOCOCOCOOO
1 CHCCCCCHCHCC
4 CHCCCHCHHHCH
6 CHCCCNCHHNCN
5 CHCCCOCHHOCO
4 CHCHCCHHCHCH
1 CHCHCHCCCCCC
10 CHCHCHHHHHHH
12 CHCHCNHHHNHN
11 CHCHCOHHHOHO
4 CHCHHHCCCHCH
6 CHCHHNCCCNCN
5 CHCHHOCCCOCO
6 CHCNCCHNCHCN
12 CHCNCHHNHHHN
15 CHCNCNHNHNNN
14 CHCNCOHNHOON
5 CHCOCCHOCHCO
11 CHCOCHHOHHHO
14 CHCOCNHOHNON
13 CHCOCOHOHOOO
4 CHHHCHCHCCCH
10 CHHHHHCHCHHH
12 CHHHHNCHCNHN
11 CHHHHOCHCOHO
6 CHHNCHCNCCCN
12 CHHNHHCNCHHN
15 CHHNHNCNCNNN
14 CHHNHOCNCOON
5 CHHOCHCOCCCO
11 CHHOHHCOCHHO
14 CHHOHNCOCNON
13 CHHOHOCOCOOO
3 CNCCCCCNCNCC
6 CNCCCHCNHNCH
9 CNCCCNCNNNCN
8 CNCCCOCNONCO
6 CNCHCCHNCNCH
12 CNCHCHHNHNHH
15 CNCHCNHNNNHN
14 CNCHCOHNONHO
9 CNCNCCNNCNCN
15 CNCNCHNNHNHN
3 CNCNCNCCCCCC
19 CNCNCNNNNNNN
18 CNCNCONNONON
6 CNCNHNCCCHCH
9 CNCNNNCCCNCN
8 CNCNONCCCOCO
8 CNCOCCONCNCO
14 CNCOCHONHNHO
18 CNCOCNONNNON
17 CNCOCOONONOO
6 CNHNCNCHCCCH
12 CNHNHNCHCHHH
15 CNHNNNCHCNHN
14 CNHNONCHCOHO
9 CNNNCNCNCCCN
15 CNNNHNCNCHHN
19 CNNNNNCNCNNN
18 CNNNONCNCOON
8 CNONCNCOCCCO
14 CNONHNCOCHHO
18 CNONNNCOCNON
17 CNONONCOCOOO
2 COCCCCCOCOCC
5 COCCCHCOHOCH
8 COCCCNCOONCN
7 COCCCOCOOOCO
5 COCHCCHOCOCH
11 COCHCHHOHOHH
14 COCHCNHOONHN
13 COCHCOHOOOHO
8 COCNCCONCOCN
14 COCNCHONHOHN
18 COCNCNONONNN
17 COCNCOONOOON
7 COCOCCOOCOCO
13 COCOCHOOHOHO
17 COCOCNOOONON
2 COCOCOCCCCCC
16 COCOCOOOOOOO
5 COCOHOCCCHCH
8 COCOONCCCNCN
7 COCOOOCCCOCO
5 COHOCOCHCCCH
11 COHOHOCHCHHH
14 COHOONCHCNHN
13 COHOOOCHCOHO
8 COONCOCNCCCN
14 COONHOCNCHHN
18 COONONCNCNNN
17 COONOOCNCOON
7 COOOCOCOCCCO
13 COOOHOCOCHHO
17 COOOONCOCNON
16 COOOOOCOCOOO
4 HHCHCHCHCHCC
10 HHCHHHCHHHCH
12 HHCHHNCHHNCN
11 HHCHHOCHHOCO
10 HHHHCHHHCHCH
20 HHHHHHHHHHHH
22 HHHHHNHHHNHN
21 HHHHHOHHHOHO
12 HHHNCHHNCHCN
22 HHHNHHHNHHHN
25 HHHNHNHNHNNN
24 HHHNHOHNHOON
11 HHHOCHHOCHCO
21 HHHOHHHOHHHO
24 HHHOHNHOHNON
23 HHHOHOHOHOOO
6 HNCHCHCNCNCC
12 HNCHHHCNHNCH
15 HNCHHNCNNNCN
14 HNCHHOCNONCO
6 HNCNCNCHCHCC
12 HNCNHNCHHHCH
15 HNCNNNCHHNCN
14 HNCNONCHHOCO
12 HNHHCHHNCNCH
22 HNHHHHHNHNHH
25 HNHHHNHNNNHN
24 HNHHHOHNONHO
15 HNHNCHNNCNCN
12 HNHNCNHHCHCH
25 HNHNHHNNHNHN
22 HNHNHNHHHHHH
29 HNHNHNNNNNNN
28 HNHNHONNONON
25 HNHNNNHHHNHN
24 HNHNONHHHOHO
14 HNHOCHONCNCO
24 HNHOHHONHNHO
28 HNHOHNONNNON
27 HNHOHOONONOO
15 HNNNCNHNCHCN
25 HNNNHNHNHHHN
29 HNNNNNHNHNNN
28 HNNNONHNHOON
14 HNONCNHOCHCO
24 HNONHNHOHHHO
28 HNONNNHOHNON
27 HNONONHOHOOO
5 HOCHCHCOCOCC
11 HOCHHHCOHOCH
14 HOCHHNCOONCN
13 HOCHHOCOOOCO
5 HOCOCOCHCHCC
11 HOCOHOCHHHCH
14 HOCOONCHHNCN
13 HOCOOOCHHOCO
11 HOHHCHHOCOCH
21 HOHHHHHOHOHH
24 HOHHHNHOONHN
23 HOHHHOHOOOHO
14 HOHNCHONCOCN
24 HOHNHHONHOHN
28 HOHNHNONONNN
27 HOHNHOONOOON
13 HOHOCHOOCOCO
11 HOHOCOHHCHCH
23 HOHOHHOOHOHO
27 HOHOHNOOONON
21 HOHOHOHHHHHH
26 HOHOHOOOOOOO
24 HOHOONHHHNHN
23 HOHOOOHHHOHO
14 HOONCOHNCHCN
24 HOONHOHNHHHN
28 HOONONHNHNNN
27 HOONOOHNHOON
13 HOOOCOHOCHCO
23 HOOOHOHOHHHO
27 HOOOONHOHNON
26 HOOOOOHOHOOO
9 NNCNCNCNCNCC
15 NNCNHNCNHNCH
19 NNCNNNCNNNCN
18 NNCNONCNONCO
15 NNHNCNHNCNCH
25 NNHNHNHNHNHH
29 NNHNNNHNNNHN
28 NNHNONHNONHO
19 NNNNCNNNCNCN
29 NNNNHNNNHNHN
34 NNNNNNNNNNNN
33 NNNNONNNONON
18 NNONCNONCNCO
28 NNONHNONHNHO
33 NNONNNONNNON
32 NNONONONONOO
8 ONCNCNCOCOCC
14 ONCNHNCOHOCH
18 ONCNNNCOONCN
17 ONCNONCOOOCO
8 ONCOCOCNCNCC
14 ONCOHOCNHNCH
18 ONCOONCNNNCN
17 ONCOOOCNONCO
14 ONHNCNHOCOCH
24 ONHNHNHOHOHH
28 ONHNNNHOONHN
27 ONHNONHOOOHO
14 ONHOCOHNCNCH
24 ONHOHOHNHNHH
28 ONHOONHNNNHN
27 ONHOOOHNONHO
18 ONNNCNONCOCN
28 ONNNHNONHOHN
33 ONNNNNONONNN
32 ONNNONONOOON
17 ONONCNOOCOCO
18 ONONCONNCNCN
27 ONONHNOOHOHO
28 ONONHONNHNHN
32 ONONNNOOONON
33 ONONONNNNNNN
31 ONONONOOOOOO
32 ONONOONNONON
17 ONOOCOONCNCO
27 ONOOHOONHNHO
32 ONOOONONNNON
31 ONOOOOONONOO
7 OOCOCOCOCOCC
13 OOCOHOCOHOCH
17 OOCOONCOONCN
16 OOCOOOCOOOCO
13 OOHOCOHOCOCH
23 OOHOHOHOHOHH
27 OOHOONHOONHN
26 OOHOOOHOOOHO
17 OOONCOONCOCN
27 OOONHOONHOHN
32 OOONONONONNN
31 OOONOOONOOON
16 OOOOCOOOCOCO
26 OOOOHOOOHOHO
31 OOOOONOOONON
30 OOOOOOOOOOOO
